###############################################################################
#
# IAR ELF Linker V8.32.2.178/W32 for ARM                  06/Feb/2019  11:36:19
# Copyright 2007-2018 IAR Systems AB.
#
#    Output file  =  C:\Users\10737\Desktop\lab4\Debug\Exe\lab1partB2.out
#    Map file     =  C:\Users\10737\Desktop\lab4\Debug\List\lab1partB2.map
#    Command line =  
#        -f C:\Users\10737\AppData\Local\Temp\EW428A.tmp
#        (C:\Users\10737\Desktop\lab4\Debug\Obj\SSD2119.o
#        C:\Users\10737\Desktop\lab4\Debug\Obj\Trafficlight.o
#        --no_out_extension -o
#        C:\Users\10737\Desktop\lab4\Debug\Exe\lab1partB2.out --redirect
#        _Printf=_PrintfFullNoMb --redirect _Scanf=_ScanfFullNoMb --map
#        C:\Users\10737\Desktop\lab4\Debug\List\lab1partB2.map --config
#        "C:\Program Files (x86)\IAR Systems\Embedded Workbench
#        8.2_3\arm\config\linker\TexasInstruments\TM4C123GH6.icf" --semihosting
#        --entry __iar_program_start --vfe --text_out locale)
#
###############################################################################

*******************************************************************************
*** RUNTIME MODEL ATTRIBUTES
***

CppFlavor       = *
__SystemLibrary = DLib
__dlib_version  = 6


*******************************************************************************
*** HEAP SELECTION
***

The basic heap was selected because some modules are built with
size limitations (and not runtime checking), and --advanced_heap
was not specified.


*******************************************************************************
*** PLACEMENT SUMMARY
***

"A0":  place at 0x0 { ro section .intvec };
"P1":  place in [from 0x0 to 0x3'ffff] { ro };
define block CSTACK with size = 4K, alignment = 8 { };
define block HEAP with size = 8K, alignment = 8 { };
"P2":  place in [from 0x2000'0000 to 0x2000'7fff] {
          rw, block CSTACK, block HEAP };
initialize by copy { rw };

  Section            Kind         Address    Size  Object
  -------            ----         -------    ----  ------
"A0":                                        0x40
  .intvec            ro code          0x0    0x40  vector_table_M.o [4]
                                   - 0x40    0x40

"P1":                                       0xec4
  .text              ro code         0x40   0x834  SSD2119.o [1]
  .text              ro code        0x874   0x598  Trafficlight.o [1]
  .text              ro code        0xe0c    0x2c  copy_init3.o [4]
  .text              ro code        0xe38    0x28  data_init.o [4]
  .text              ro code        0xe60    0x22  fpinit_M.o [3]
  .iar.init_table    const          0xe84    0x14  - Linker created -
  .text              ro code        0xe98     0x2  vector_table_M.o [4]
  .text              ro code        0xe9c    0x1e  cmain.o [4]
  .text              ro code        0xeba     0x4  low_level_init.o [2]
  .text              ro code        0xebe     0x4  exit.o [2]
  .text              ro code        0xec4     0xa  cexit.o [4]
  .text              ro code        0xed0    0x14  exit.o [5]
  Initializer bytes  const          0xee4    0x14  <for P2-1>
  .text              ro code        0xef8     0xc  cstartup_M.o [4]
  .rodata            const          0xf04     0x0  copy_init3.o [4]
                                  - 0xf04   0xec4

"P2", part 1 of 2:                           0x14
  P2-1                        0x2000'0000    0x12  <Init block>
    .data            inited   0x2000'0000     0x4  Trafficlight.o [1]
    .data            inited   0x2000'0004     0x4  Trafficlight.o [1]
    .bss             inited   0x2000'0008     0x2  SSD2119.o [1]
    .bss             inited   0x2000'000a     0x2  SSD2119.o [1]
    .bss             inited   0x2000'000c     0x2  SSD2119.o [1]
    .bss             inited   0x2000'000e     0x2  SSD2119.o [1]
    .bss             inited   0x2000'0010     0x2  SSD2119.o [1]
                            - 0x2000'0012    0x12

"P2", part 2 of 2:                         0x1000
  CSTACK                      0x2000'0018  0x1000  <Block>
    CSTACK           uninit   0x2000'0018  0x1000  <Block tail>
                            - 0x2000'1018  0x1000

Unused ranges:

         From           To      Size
         ----           --      ----
        0xf04     0x3'ffff  0x3'f0fc
  0x2000'0014  0x2000'0017       0x4
  0x2000'1018  0x2000'7fff    0x6fe8


*******************************************************************************
*** INIT TABLE
***

          Address      Size
          -------      ----
Copy (__iar_copy_init3)
    1 source range, total size 0x14 (111% of destination):
                0xee4  0x14
    1 destination range, total size 0x12:
          0x2000'0000  0x12



*******************************************************************************
*** MODULE SUMMARY
***

    Module            ro code  ro data  rw data
    ------            -------  -------  -------
command line/config:
    -------------------------------------------
    Total:

C:\Users\10737\Desktop\lab4\Debug\Obj: [1]
    SSD2119.o           2 100       10       10
    Trafficlight.o      1 432        8        8
    -------------------------------------------
    Total:              3 532       18       18

dl7M_tln.a: [2]
    exit.o                  4
    low_level_init.o        4
    -------------------------------------------
    Total:                  8

m7M_tls.a: [3]
    fpinit_M.o             34
    -------------------------------------------
    Total:                 34

rt7M_tl.a: [4]
    cexit.o                10
    cmain.o                30
    copy_init3.o           44
    cstartup_M.o           12
    data_init.o            40
    vector_table_M.o       66
    -------------------------------------------
    Total:                202

shb_l.a: [5]
    exit.o                 20
    -------------------------------------------
    Total:                 20

    Gaps                    6        2
    Linker created                  22    4 096
-----------------------------------------------
    Grand Total:        3 802       42    4 114


*******************************************************************************
*** ENTRY LIST
***

Entry                       Address   Size  Type      Object
-----                       -------   ----  ----      ------
.iar.init_table$$Base         0xe84          --   Gb  - Linker created -
.iar.init_table$$Limit        0xe98          --   Gb  - Linker created -
?main                         0xe9d         Code  Gb  cmain.o [4]
ADC_Init                      0x501   0x80  Code  Gb  SSD2119.o [1]
ADC_Read                      0x589   0x26  Code  Gb  SSD2119.o [1]
ADC_SetChannel                0x5af   0x30  Code  Gb  SSD2119.o [1]
All_Off                       0xa8f   0x10  Code  Gb  Trafficlight.o [1]
CSTACK$$Base            0x2000'0018          --   Gb  - Linker created -
CSTACK$$Limit           0x2000'1018          --   Gb  - Linker created -
GREENled                      0xaaf   0x10  Code  Gb  Trafficlight.o [1]
LCD_DrawFilledRect            0x461   0x62  Code  Gb  SSD2119.o [1]
LCD_DrawLine                  0x385   0xdc  Code  Gb  SSD2119.o [1]
LCD_DrawPixel                 0x351   0x34  Code  Gb  SSD2119.o [1]
LCD_GPIOInit                   0x41   0x74  Code  Gb  SSD2119.o [1]
LCD_Init                      0x13f  0x1a2  Code  Gb  SSD2119.o [1]
LCD_SetCursor                 0x30b    0xe  Code  Gb  SSD2119.o [1]
LCD_SetTextColor              0x319   0x14  Code  Gb  SSD2119.o [1]
LCD_WriteCommand               0xb5   0x42  Code  Gb  SSD2119.o [1]
LCD_WriteData                  0xf7   0x48  Code  Gb  SSD2119.o [1]
LEDG_Off                      0xa49    0xe  Code  Gb  Trafficlight.o [1]
LEDG_On                       0xa3b    0xe  Code  Gb  Trafficlight.o [1]
LEDR_Off                      0xa81    0xe  Code  Gb  Trafficlight.o [1]
LEDR_On                       0xa73    0xe  Code  Gb  Trafficlight.o [1]
LEDY_Off                      0xa65    0xe  Code  Gb  Trafficlight.o [1]
LEDY_On                       0xa57    0xe  Code  Gb  Trafficlight.o [1]
LED_Init                      0x875   0x52  Code  Gb  Trafficlight.o [1]
REDled                        0xa9f   0x10  Code  Gb  Trafficlight.o [1]
Region$$Table$$Base           0xe84          --   Gb  - Linker created -
Region$$Table$$Limit          0xe98          --   Gb  - Linker created -
Switch1                       0x8f5   0x5e  Code  Gb  Trafficlight.o [1]
Switch2                       0x953   0x5e  Code  Gb  Trafficlight.o [1]
Touch_Init                    0x4c3   0x3e  Code  Gb  SSD2119.o [1]
Touch_ReadX                   0x5e9   0xce  Code  Gb  SSD2119.o [1]
Touch_ReadY                   0x6bd   0xac  Code  Gb  SSD2119.o [1]
Touch_ReadZ1                  0x769   0xa6  Code  Gb  SSD2119.o [1]
Touch_XVal              0x2000'000e    0x2  Data  Gb  SSD2119.o [1]
Touch_YVal              0x2000'0010    0x2  Data  Gb  SSD2119.o [1]
YELLOWled                     0xabf   0x10  Code  Gb  Trafficlight.o [1]
__cmain                       0xe9d         Code  Gb  cmain.o [4]
__exit                        0xed1   0x14  Code  Gb  exit.o [5]
__iar_copy_init3              0xe0d   0x2c  Code  Gb  copy_init3.o [4]
__iar_data_init3              0xe39   0x28  Code  Gb  data_init.o [4]
__iar_init_vfp                0xe61         Code  Gb  fpinit_M.o [3]
__iar_program_start           0xef9         Code  Gb  cstartup_M.o [4]
__low_level_init              0xebb    0x4  Code  Gb  low_level_init.o [2]
__vector_table                  0x0         Data  Gb  vector_table_M.o [4]
_call_main                    0xea9         Code  Gb  cmain.o [4]
_exit                         0xec5         Code  Gb  cexit.o [4]
_main                         0xeb7         Code  Gb  cmain.o [4]
abs                           0x301    0xa  Code  Gb  SSD2119.o [1]
convertColor                  0x2e1   0x20  Code  Gb  SSD2119.o [1]
cursorX                 0x2000'0008    0x2  Data  Gb  SSD2119.o [1]
cursorY                 0x2000'000a    0x2  Data  Gb  SSD2119.o [1]
drawCube                      0xacf  0x138  Code  Gb  Trafficlight.o [1]
exit                          0xebf    0x4  Code  Gb  exit.o [2]
main                          0xc07  0x1aa  Code  Gb  Trafficlight.o [1]
ns                      0x2000'0004    0x4  Data  Gb  Trafficlight.o [1]
ps                      0x2000'0000    0x4  Data  Gb  Trafficlight.o [1]
textColor               0x2000'000c    0x2  Data  Gb  SSD2119.o [1]
timer0A_delay                 0x9b1   0x8a  Code  Gb  Trafficlight.o [1]
timer1A_delay                 0x8c7   0x2e  Code  Gb  Trafficlight.o [1]


[1] = C:\Users\10737\Desktop\lab4\Debug\Obj
[2] = dl7M_tln.a
[3] = m7M_tls.a
[4] = rt7M_tl.a
[5] = shb_l.a

  3 802 bytes of readonly  code memory
     42 bytes of readonly  data memory
  4 114 bytes of readwrite data memory

Errors: none
Warnings: none
