###############################################################################
#
# IAR ELF Linker V8.32.2.178/W32 for ARM                  26/Jan/2019  01:14:57
# Copyright 2007-2018 IAR Systems AB.
#
#    Output file  =  C:\lab3\Debug\Exe\lab1part2.out
#    Map file     =  C:\lab3\Debug\List\lab1part2.map
#    Command line =  
#        -f C:\Users\10737\AppData\Local\Temp\EW82CA.tmp
#        (C:\lab3\Debug\Obj\cstartup_M.o C:\lab3\Debug\Obj\InterruptLED.o
#        --no_out_extension -o C:\lab3\Debug\Exe\lab1part2.out --redirect
#        _Printf=_PrintfFullNoMb --redirect _Scanf=_ScanfFullNoMb --map
#        C:\lab3\Debug\List\lab1part2.map --config "C:\Program Files (x86)\IAR
#        Systems\Embedded Workbench
#        8.2_3\arm\config\linker\TexasInstruments\TM4C123GH6.icf" --semihosting
#        --entry __iar_program_start --vfe --text_out locale)
#
###############################################################################

*******************************************************************************
*** RUNTIME MODEL ATTRIBUTES
***

CppFlavor       = *
__SystemLibrary = DLib
__dlib_version  = 6


*******************************************************************************
*** HEAP SELECTION
***

The basic heap was selected because some modules are built with
size limitations (and not runtime checking), and --advanced_heap
was not specified.


*******************************************************************************
*** PLACEMENT SUMMARY
***

"A0":  place at 0x0 { ro section .intvec };
"P1":  place in [from 0x0 to 0x3'ffff] { ro };
define block CSTACK with size = 4K, alignment = 8 { };
define block HEAP with size = 8K, alignment = 8 { };
"P2":  place in [from 0x2000'0000 to 0x2000'7fff] {
          rw, block CSTACK, block HEAP };

  Section          Kind         Address    Size  Object
  -------          ----         -------    ----  ------
"A0":                                      0x90
  .intvec          const            0x0    0x90  cstartup_M.o [1]
                                 - 0x90    0x90

"P1":                                     0x1cc
  .text            ro code         0x90    0xcc  InterruptLED.o [1]
  .text            ro code        0x15c    0x3a  zero_init3.o [4]
  .text            ro code        0x196     0x2  cstartup_M.o [1]
  .text            ro code        0x198    0x28  data_init.o [4]
  .text            ro code        0x1c0    0x22  fpinit_M.o [3]
  .iar.init_table  const          0x1e4    0x10  - Linker created -
  .text            ro code        0x1f4     0x2  cstartup_M.o [1]
  .text            ro code        0x1f8    0x1e  cmain.o [4]
  .text            ro code        0x216     0x4  low_level_init.o [2]
  .text            ro code        0x21a     0x4  exit.o [2]
  .text            ro code        0x21e     0x2  cstartup_M.o [1]
  .text            ro code        0x220     0xa  cexit.o [4]
  .text            ro code        0x22a     0x2  cstartup_M.o [1]
  .text            ro code        0x22c    0x14  exit.o [5]
  .text            ro code        0x240    0x10  cstartup_M.o [1]
  .text            ro code        0x250     0x2  cstartup_M.o [1]
  .text            ro code        0x252     0x2  cstartup_M.o [1]
  .text            ro code        0x254     0x2  cstartup_M.o [1]
  .text            ro code        0x256     0x2  cstartup_M.o [1]
  .text            ro code        0x258     0x2  cstartup_M.o [1]
  .text            ro code        0x25a     0x2  cstartup_M.o [1]
  .rodata          const          0x25c     0x0  zero_init3.o [4]
                                - 0x25c   0x1cc

"P2", part 1 of 2:                          0x4
  .bss             zero     0x2000'0000     0x4  InterruptLED.o [1]
                          - 0x2000'0004     0x4

"P2", part 2 of 2:                       0x1000
  CSTACK                    0x2000'0008  0x1000  <Block>
    CSTACK         uninit   0x2000'0008  0x1000  <Block tail>
                          - 0x2000'1008  0x1000

Unused ranges:

         From           To      Size
         ----           --      ----
        0x25c     0x3'ffff  0x3'fda4
  0x2000'0004  0x2000'0007       0x4
  0x2000'1008  0x2000'7fff    0x6ff8


*******************************************************************************
*** INIT TABLE
***

          Address      Size
          -------      ----
Zero (__iar_zero_init3)
    1 destination range, total size 0x4:
          0x2000'0000   0x4



*******************************************************************************
*** MODULE SUMMARY
***

    Module            ro code  ro data  rw data
    ------            -------  -------  -------
command line/config:
    -------------------------------------------
    Total:

C:\lab3\Debug\Obj: [1]
    InterruptLED.o        204                 4
    cstartup_M.o           36      144
    -------------------------------------------
    Total:                240      144        4

dl7M_tln.a: [2]
    exit.o                  4
    low_level_init.o        4
    -------------------------------------------
    Total:                  8

m7M_tls.a: [3]
    fpinit_M.o             34
    -------------------------------------------
    Total:                 34

rt7M_tl.a: [4]
    cexit.o                10
    cmain.o                30
    data_init.o            40
    zero_init3.o           58
    -------------------------------------------
    Total:                138

shb_l.a: [5]
    exit.o                 20
    -------------------------------------------
    Total:                 20

    Gaps                    2        2
    Linker created                  16    4 096
-----------------------------------------------
    Grand Total:          442      162    4 100


*******************************************************************************
*** ENTRY LIST
***

Entry                       Address  Size  Type      Object
-----                       -------  ----  ----      ------
.iar.init_table$$Base         0x1e4         --   Gb  - Linker created -
.iar.init_table$$Limit        0x1f4         --   Gb  - Linker created -
?main                         0x1f9        Code  Gb  cmain.o [4]
CSTACK$$Base            0x2000'0008         --   Gb  - Linker created -
CSTACK$$Limit           0x2000'1008         --   Gb  - Linker created -
Region$$Table$$Base           0x1e4         --   Gb  - Linker created -
Region$$Table$$Limit          0x1f4         --   Gb  - Linker created -
Timer_Handler                  0xc5  0x1a  Code  Gb  InterruptLED.o [1]
Timer_Init                     0x91  0x34  Code  Gb  InterruptLED.o [1]
__cmain                       0x1f9        Code  Gb  cmain.o [4]
__exit                        0x22d  0x14  Code  Gb  exit.o [5]
__iar_data_init3              0x199  0x28  Code  Gb  data_init.o [4]
__iar_init_vfp                0x1c1        Code  Gb  fpinit_M.o [3]
__iar_program_start           0x241  0x10  Code  Gb  cstartup_M.o [1]
__iar_zero_init3              0x15d  0x3a  Code  Gb  zero_init3.o [4]
__low_level_init              0x217   0x4  Code  Gb  low_level_init.o [2]
__vector_table                  0x0  0x90  Data  Gb  cstartup_M.o [1]
_call_main                    0x205        Code  Gb  cmain.o [4]
_exit                         0x221        Code  Gb  cexit.o [4]
_main                         0x213        Code  Gb  cmain.o [4]
count                   0x2000'0000   0x4  Data  Gb  InterruptLED.o [1]
exit                          0x21b   0x4  Code  Gb  exit.o [2]
main                           0xdf  0x44  Code  Gb  InterruptLED.o [1]


[1] = C:\lab3\Debug\Obj
[2] = dl7M_tln.a
[3] = m7M_tls.a
[4] = rt7M_tl.a
[5] = shb_l.a

    442 bytes of readonly  code memory
    162 bytes of readonly  data memory
  4 100 bytes of readwrite data memory

Errors: none
Warnings: none
