###############################################################################
#
# IAR ELF Linker V8.32.2.178/W32 for ARM                  06/Feb/2019  11:33:48
# Copyright 2007-2018 IAR Systems AB.
#
#    Output file  =  C:\Users\10737\Desktop\lab4\Debug\Exe\lab3sectionB.out
#    Map file     =  C:\Users\10737\Desktop\lab4\Debug\List\lab3sectionB.map
#    Command line =  
#        -f C:\Users\10737\AppData\Local\Temp\EWF207.tmp
#        (C:\Users\10737\Desktop\lab4\Debug\Obj\cstartup_M.o
#        C:\Users\10737\Desktop\lab4\Debug\Obj\main.o
#        C:\Users\10737\Desktop\lab4\Debug\Obj\SSD2119.o --no_out_extension -o
#        C:\Users\10737\Desktop\lab4\Debug\Exe\lab3sectionB.out --redirect
#        _Printf=_PrintfFullNoMb --redirect _Scanf=_ScanfFullNoMb --map
#        C:\Users\10737\Desktop\lab4\Debug\List\lab3sectionB.map --config
#        "C:\Program Files (x86)\IAR Systems\Embedded Workbench
#        8.2_3\arm\config\linker\TexasInstruments\TM4C123GH6.icf" --semihosting
#        --entry __iar_program_start --vfe --text_out locale)
#
###############################################################################

*******************************************************************************
*** RUNTIME MODEL ATTRIBUTES
***

CppFlavor       = *
__SystemLibrary = DLib
__dlib_version  = 6


*******************************************************************************
*** HEAP SELECTION
***

The basic heap was selected because some modules are built with
size limitations (and not runtime checking), and --advanced_heap
was not specified.


*******************************************************************************
*** PLACEMENT SUMMARY
***

"A0":  place at 0x0 { ro section .intvec };
"P1":  place in [from 0x0 to 0x3'ffff] { ro };
define block CSTACK with size = 4K, alignment = 8 { };
define block HEAP with size = 8K, alignment = 8 { };
"P2":  place in [from 0x2000'0000 to 0x2000'7fff] {
          rw, block CSTACK, block HEAP };

  Section          Kind         Address    Size  Object
  -------          ----         -------    ----  ------
"A0":                                      0x90
  .intvec          const            0x0    0x90  cstartup_M.o [1]
                                 - 0x90    0x90

"P1":                                    0x19a8
  .text            ro code         0x90   0xc50  SSD2119.o [1]
  .text            ro code        0xce0    0x48  FltToDbl.o [3]
  .text            ro code        0xd28    0x56  ABImemcpy_unaligned.o [4]
  .text            ro code        0xd7e    0x3a  zero_init3.o [4]
  .text            ro code        0xdb8   0x318  main.o [1]
  .text            ro code       0x10d0    0x1a  U32ToDbl.o [3]
  .text            ro code       0x10ea     0x2  cstartup_M.o [1]
  .text            ro code       0x10ec   0x1a2  DblMul.o [3]
  .text            ro code       0x128e     0x2  cstartup_M.o [1]
  .text            ro code       0x1290   0x246  DblDiv.o [3]
  .text            ro code       0x14d6     0x2  cstartup_M.o [1]
  .text            ro code       0x14d8    0xe2  DblSub.o [3]
  .text            ro code       0x15ba     0x2  cstartup_M.o [1]
  .text            ro code       0x15bc   0x16a  DblAdd.o [3]
  .text            ro code       0x1726     0x2  cstartup_M.o [1]
  .rodata          const         0x1728   0x1e0  SSD2119.o [1]
  .text            ro code       0x1908    0x28  data_init.o [4]
  .text            ro code       0x1930    0x22  fpinit_M.o [3]
  .iar.init_table  const         0x1954    0x10  - Linker created -
  .text            ro code       0x1964     0x2  cstartup_M.o [1]
  .text            ro code       0x1968    0x1e  cmain.o [4]
  .text            ro code       0x1986     0x4  low_level_init.o [2]
  .text            ro code       0x198a     0x4  exit.o [2]
  .text            ro code       0x198e     0x2  cstartup_M.o [1]
  .text            ro code       0x1990     0xa  cexit.o [4]
  .text            ro code       0x199a     0x2  cstartup_M.o [1]
  .text            ro code       0x199c    0x14  exit.o [5]
  .rodata          const         0x19b0    0x1c  SSD2119.o [1]
  .rodata          const         0x19cc    0x14  main.o [1]
  .rodata          const         0x19e0    0x10  SSD2119.o [1]
  .rodata          const         0x19f0    0x10  SSD2119.o [1]
  .rodata          const         0x1a00    0x10  SSD2119.o [1]
  .text            ro code       0x1a10    0x10  cstartup_M.o [1]
  .rodata          const         0x1a20     0x8  SSD2119.o [1]
  .rodata          const         0x1a28     0x4  SSD2119.o [1]
  .rodata          const         0x1a2c     0x4  SSD2119.o [1]
  .rodata          const         0x1a30     0x4  SSD2119.o [1]
  .text            ro code       0x1a34     0x2  cstartup_M.o [1]
  .text            ro code       0x1a36     0x2  cstartup_M.o [1]
  .rodata          const         0x1a38     0x0  zero_init3.o [4]
                               - 0x1a38  0x19a8

"P2", part 1 of 2:                         0x24
  .bss             zero     0x2000'0000     0x8  main.o [1]
  .bss             zero     0x2000'0008     0x4  main.o [1]
  .bss             zero     0x2000'000c     0x4  main.o [1]
  .bss             zero     0x2000'0010     0x4  main.o [1]
  .bss             zero     0x2000'0014     0x4  main.o [1]
  .bss             zero     0x2000'0018     0x2  SSD2119.o [1]
  .bss             zero     0x2000'001a     0x2  SSD2119.o [1]
  .bss             zero     0x2000'001c     0x2  SSD2119.o [1]
  .bss             zero     0x2000'001e     0x2  SSD2119.o [1]
  .bss             zero     0x2000'0020     0x2  SSD2119.o [1]
                          - 0x2000'0022    0x22

"P2", part 2 of 2:                       0x1000
  CSTACK                    0x2000'0028  0x1000  <Block>
    CSTACK         uninit   0x2000'0028  0x1000  <Block tail>
                          - 0x2000'1028  0x1000

Unused ranges:

         From           To      Size
         ----           --      ----
       0x1a38     0x3'ffff  0x3'e5c8
  0x2000'0024  0x2000'0027       0x4
  0x2000'1028  0x2000'7fff    0x6fd8


*******************************************************************************
*** INIT TABLE
***

          Address      Size
          -------      ----
Zero (__iar_zero_init3)
    1 destination range, total size 0x22:
          0x2000'0000  0x22



*******************************************************************************
*** MODULE SUMMARY
***

    Module                 ro code  ro data  rw data
    ------                 -------  -------  -------
command line/config:
    ------------------------------------------------
    Total:

C:\Users\10737\Desktop\lab4\Debug\Obj: [1]
    SSD2119.o                3 152      576       10
    cstartup_M.o                36      144
    main.o                     792       20       24
    ------------------------------------------------
    Total:                   3 980      740       34

dl7M_tln.a: [2]
    exit.o                       4
    low_level_init.o             4
    ------------------------------------------------
    Total:                       8

m7M_tls.a: [3]
    DblAdd.o                   362
    DblDiv.o                   582
    DblMul.o                   418
    DblSub.o                   226
    FltToDbl.o                  72
    U32ToDbl.o                  26
    fpinit_M.o                  34
    ------------------------------------------------
    Total:                   1 720

rt7M_tl.a: [4]
    ABImemcpy_unaligned.o       86
    cexit.o                     10
    cmain.o                     30
    data_init.o                 40
    zero_init3.o                58
    ------------------------------------------------
    Total:                     224

shb_l.a: [5]
    exit.o                      20
    ------------------------------------------------
    Total:                      20

    Gaps                         2        2
    Linker created                       16    4 096
----------------------------------------------------
    Grand Total:             5 954      758    4 130


*******************************************************************************
*** ENTRY LIST
***

Entry                       Address   Size  Type      Object
-----                       -------   ----  ----      ------
.iar.init_table$$Base        0x1954          --   Gb  - Linker created -
.iar.init_table$$Limit       0x1964          --   Gb  - Linker created -
?main                        0x1969         Code  Gb  cmain.o [4]
ADC0_Handler                  0xdb9   0x40  Code  Gb  main.o [1]
ADC_Init                      0x8f9   0x80  Code  Gb  SSD2119.o [1]
ADC_Read                      0x981   0x26  Code  Gb  SSD2119.o [1]
ADC_SetChannel                0x9a7   0x30  Code  Gb  SSD2119.o [1]
ASCII                        0x1728  0x1e0  Data  Lc  SSD2119.o [1]
CSTACK$$Base            0x2000'0028          --   Gb  - Linker created -
CSTACK$$Limit           0x2000'1028          --   Gb  - Linker created -
LCD_DrawFilledRect            0x859   0x62  Code  Gb  SSD2119.o [1]
LCD_DrawLine                  0x77d   0xdc  Code  Gb  SSD2119.o [1]
LCD_DrawPixel                 0x749   0x34  Code  Gb  SSD2119.o [1]
LCD_GPIOInit                   0x91   0x74  Code  Gb  SSD2119.o [1]
LCD_Init                      0x18f  0x1a2  Code  Gb  SSD2119.o [1]
LCD_PrintBinary               0x639   0x9e  Code  Gb  SSD2119.o [1]
LCD_PrintChar                 0x35b   0xd4  Code  Gb  SSD2119.o [1]
LCD_PrintFloat                0x6d7   0x4e  Code  Gb  SSD2119.o [1]
LCD_PrintHex                  0x5bd   0x7c  Code  Gb  SSD2119.o [1]
LCD_PrintInteger              0x553   0x6a  Code  Gb  SSD2119.o [1]
LCD_PrintString               0x42f   0x20  Code  Gb  SSD2119.o [1]
LCD_SetCursor                 0x44f    0xe  Code  Gb  SSD2119.o [1]
LCD_SetTextColor              0x45d   0x14  Code  Gb  SSD2119.o [1]
LCD_WriteCommand              0x105   0x42  Code  Gb  SSD2119.o [1]
LCD_WriteData                 0x147   0x48  Code  Gb  SSD2119.o [1]
Region$$Table$$Base          0x1954          --   Gb  - Linker created -
Region$$Table$$Limit         0x1964          --   Gb  - Linker created -
Touch_GetCoords               0xc1d   0x4e  Code  Gb  SSD2119.o [1]
Touch_Init                    0x8bb   0x3e  Code  Gb  SSD2119.o [1]
Touch_ReadX                   0x9e1   0xce  Code  Gb  SSD2119.o [1]
Touch_ReadY                   0xab5   0xac  Code  Gb  SSD2119.o [1]
Touch_ReadZ1                  0xb65   0xa6  Code  Gb  SSD2119.o [1]
Touch_XVal              0x2000'001e    0x2  Data  Gb  SSD2119.o [1]
Touch_YVal              0x2000'0020    0x2  Data  Gb  SSD2119.o [1]
__aeabi_ddiv                 0x1291         Code  Gb  DblDiv.o [3]
__aeabi_dmul                 0x10ed         Code  Gb  DblMul.o [3]
__aeabi_dsub                 0x14d9         Code  Gb  DblSub.o [3]
__aeabi_f2d                   0xce1         Code  Gb  FltToDbl.o [3]
__aeabi_ui2d                 0x10d1         Code  Gb  U32ToDbl.o [3]
__cmain                      0x1969         Code  Gb  cmain.o [4]
__exit                       0x199d   0x14  Code  Gb  exit.o [5]
__iar_dadd                   0x14e9         Code  Gb  DblSub.o [3]
__iar_data_init3             0x1909   0x28  Code  Gb  data_init.o [4]
__iar_dsub                   0x15bd         Code  Gb  DblAdd.o [3]
__iar_dsubStart              0x15cf         Code  Gb  DblAdd.o [3]
__iar_init_vfp               0x1931         Code  Gb  fpinit_M.o [3]
__iar_program_start          0x1a11   0x10  Code  Gb  cstartup_M.o [1]
__iar_unaligned_memcpy4
                              0xd29         Code  Gb  ABImemcpy_unaligned.o [4]
__iar_unaligned_memcpy8
                              0xd29         Code  Gb  ABImemcpy_unaligned.o [4]
__iar_zero_init3              0xd7f   0x3a  Code  Gb  zero_init3.o [4]
__low_level_init             0x1987    0x4  Code  Gb  low_level_init.o [2]
__vector_table                  0x0   0x90  Data  Gb  cstartup_M.o [1]
_call_main                   0x1975         Code  Gb  cmain.o [4]
_exit                        0x1991         Code  Gb  cexit.o [4]
_main                        0x1983         Code  Gb  cmain.o [4]
abs                           0x351    0xa  Code  Gb  SSD2119.o [1]
convertColor                  0x331   0x20  Code  Gb  SSD2119.o [1]
cursorX                 0x2000'0018    0x2  Data  Gb  SSD2119.o [1]
cursorY                 0x2000'001a    0x2  Data  Gb  SSD2119.o [1]
drawCube                      0xdf9  0x138  Code  Gb  main.o [1]
exit                         0x198b    0x4  Code  Gb  exit.o [2]
main                          0xf31  0x174  Code  Gb  main.o [1]
ns                      0x2000'0010    0x4  Data  Gb  main.o [1]
pressed                 0x2000'0008    0x4  Data  Gb  main.o [1]
printf                        0x471   0xe2  Code  Gb  SSD2119.o [1]
ps                      0x2000'000c    0x4  Data  Gb  main.o [1]
temp                    0x2000'0000    0x8  Data  Gb  main.o [1]
textColor               0x2000'001c    0x2  Data  Gb  SSD2119.o [1]
touched                 0x2000'0014    0x4  Data  Gb  main.o [1]


[1] = C:\Users\10737\Desktop\lab4\Debug\Obj
[2] = dl7M_tln.a
[3] = m7M_tls.a
[4] = rt7M_tl.a
[5] = shb_l.a

  5 954 bytes of readonly  code memory
    758 bytes of readonly  data memory
  4 130 bytes of readwrite data memory

Errors: none
Warnings: none
